<?xml version="1.0" encoding="UTF-8"?>
<TestRun id="b8bb29ba-9fef-4b8f-a51c-1eb6613c2830" name="Ben@MNLT01 2021-10-23 12:31:14" runUser="MNLT01\Ben" xmlns="http://microsoft.com/schemas/VisualStudio/TeamTest/2010">
  <TestSettings name="Local" id="d7666845-e20b-458b-9ef1-3792ed372ed8">
    <Description>These are default test settings for a local test run.</Description>
    <Deployment enabled="false" runDeploymentRoot="Ben_MNLT01 2021-10-23 12_31_14">
      <DeploymentItem filename="D:\Benedict\Documents\SchoolWork\Projects\GraphPictures\Solution\FromBravoSession0\GraphPicturesLibrary\bin\Debug\GraphPictures.Library.dll" />
    </Deployment>
    <Execution>
      <TestTypeSpecific />
      <AgentRule name="Execution Agents">
      </AgentRule>
    </Execution>
  </TestSettings>
  <Times creation="2021-10-23T12:31:14.1490040+01:00" queuing="2021-10-23T12:31:16.4110080+01:00" start="2021-10-23T12:31:16.5670082+01:00" finish="2021-10-23T12:31:24.9910230+01:00" />
  <ResultSummary outcome="Error">
    <Counters total="2" executed="1" error="0" failed="0" timeout="0" aborted="1" inconclusive="0" passedButRunAborted="0" notRunnable="0" notExecuted="1" disconnected="0" warning="0" passed="0" completed="0" inProgress="0" pending="0" />
    <RunInfos>
      <RunInfo computerName="MNLT01" outcome="Error" timestamp="2021-10-23T12:31:24.9754230+01:00">
        <Text>Test host process exited unexpectedly.</Text>
      </RunInfo>
    </RunInfos>
  </ResultSummary>
  <TestDefinitions>
    <UnitTest name="ExcelColumnFromNumberTest" storage="d:\benedict\documents\schoolwork\projects\graphpictures\solution\frombravosession0\graphpicturesunittests\bin\debug\graphpicturesunittests.dll" id="fb615223-14cf-fb65-b739-4866e780d384">
      <Execution id="c5cfcd6b-7578-446a-95c0-6c28081d0188" />
      <TestMethod codeBase="D:/Benedict/Documents/SchoolWork/Projects/GraphPictures/Solution/FromBravoSession0/GraphPicturesUnitTests/bin/Debug/GraphPicturesUnitTests.DLL" adapterTypeName="Microsoft.VisualStudio.TestTools.TestTypes.Unit.UnitTestAdapter, Microsoft.VisualStudio.QualityTools.Tips.UnitTest.Adapter, Version=10.0.0.0, Culture=neutral, PublicKeyToken=b03f5f7f11d50a3a" className="GraphPicturesUnitTests.ExcelResourcesTests, GraphPicturesUnitTests, Version=1.0.0.0, Culture=neutral, PublicKeyToken=null" name="ExcelColumnFromNumberTest" />
    </UnitTest>
    <UnitTest name="WithAllPointsIncrementedTest" storage="d:\benedict\documents\schoolwork\projects\graphpictures\solution\frombravosession0\graphpicturesunittests\bin\debug\graphpicturesunittests.dll" id="7bd9d045-1544-3d9f-6ad5-872405865fb4">
      <DeploymentItems>
        <DeploymentItem filename="GraphPictures.Library.dll" />
      </DeploymentItems>
      <Execution id="9036123c-bbe2-48d5-843f-0ee09c52c706" />
      <TestMethod codeBase="D:/Benedict/Documents/SchoolWork/Projects/GraphPictures/Solution/FromBravoSession0/GraphPicturesUnitTests/bin/Debug/GraphPicturesUnitTests.DLL" adapterTypeName="Microsoft.VisualStudio.TestTools.TestTypes.Unit.UnitTestAdapter, Microsoft.VisualStudio.QualityTools.Tips.UnitTest.Adapter, Version=10.0.0.0, Culture=neutral, PublicKeyToken=b03f5f7f11d50a3a" className="GraphPicturesUnitTests.BezierObjectsTests, GraphPicturesUnitTests, Version=1.0.0.0, Culture=neutral, PublicKeyToken=null" name="WithAllPointsIncrementedTest" />
    </UnitTest>
  </TestDefinitions>
  <TestLists>
    <TestList name="Results Not in a List" id="8c84fa94-04c1-424b-9868-57a2d4851a1d" />
    <TestList name="All Loaded Results" id="19431567-8539-422a-85d7-44ee4e166bda" />
  </TestLists>
  <TestEntries>
    <TestEntry testId="7bd9d045-1544-3d9f-6ad5-872405865fb4" executionId="9036123c-bbe2-48d5-843f-0ee09c52c706" testListId="8c84fa94-04c1-424b-9868-57a2d4851a1d" />
    <TestEntry testId="fb615223-14cf-fb65-b739-4866e780d384" executionId="c5cfcd6b-7578-446a-95c0-6c28081d0188" testListId="8c84fa94-04c1-424b-9868-57a2d4851a1d" />
  </TestEntries>
  <Results>
    <UnitTestResult executionId="9036123c-bbe2-48d5-843f-0ee09c52c706" testId="7bd9d045-1544-3d9f-6ad5-872405865fb4" testName="WithAllPointsIncrementedTest" computerName="MNLT01" duration="00:00:08.3304146" startTime="2021-10-23T12:31:16.6606084+01:00" endTime="2021-10-23T12:31:24.9910230+01:00" testType="13cdc9d9-ddb5-4fa4-a97d-d965ccfc6d4b" outcome="Aborted" testListId="8c84fa94-04c1-424b-9868-57a2d4851a1d" relativeResultsDirectory="9036123c-bbe2-48d5-843f-0ee09c52c706">
    </UnitTestResult>
    <UnitTestResult executionId="c5cfcd6b-7578-446a-95c0-6c28081d0188" testId="fb615223-14cf-fb65-b739-4866e780d384" testName="ExcelColumnFromNumberTest" computerName="MNLT01" testType="13cdc9d9-ddb5-4fa4-a97d-d965ccfc6d4b" outcome="NotExecuted" testListId="8c84fa94-04c1-424b-9868-57a2d4851a1d" relativeResultsDirectory="c5cfcd6b-7578-446a-95c0-6c28081d0188">
    </UnitTestResult>
  </Results>
</TestRun>